// Jest Snapshot v1, https://goo.gl/fbAQLP

exports[`MapProducer #@@iterator() 1`] = `
Array [
  1,
  2,
]
`;

exports[`MapProducer #@@iterator() 2`] = `
Array [
  3,
  4,
]
`;

exports[`MapProducer #constructor() 1`] = `
MapProducer {
  "size": 2,
  "source": Object {},
}
`;

exports[`SetProducer #@@iterator() 1`] = `1`;

exports[`SetProducer #@@iterator() 2`] = `2`;

exports[`SetProducer #@@iterator() 3`] = `3`;

exports[`SetProducer #constructor() 1`] = `
SetProducer {
  "size": 3,
  "source": Object {},
}
`;
